// Jest Snapshot v1, https://goo.gl/fbAQLP

exports[`PokemonPage page Render cases should match with snapshot 1`] = `<h1>Espere por favor...</h1>`;

exports[`PokemonPage page Render cases should match with snapshot when pokemons load 1`] = `
<div>
  <h1>Cuál es este pokémon?</h1>
  <pokemon-picture-stub pokemonid="5" showpokemon="false"></pokemon-picture-stub>
  <pokemon-options-stub pokemons="[object Object],[object Object],[object Object],[object Object]"></pokemon-options-stub>
  <!--v-if-->
</div>
`;
